// Jest Snapshot v1, https://goo.gl/fbAQLP

exports[`Currencies it should return supported supportedCurrencyCodes 1`] = `
Array [
  Object {
    "code": "SEK",
    "name": "Swedish Krona",
  },
  Object {
    "code": "NOK",
    "name": "Norwegian Krone",
  },
  Object {
    "code": "DKK",
    "name": "Danish Krone",
  },
  Object {
    "code": "GBP",
    "name": "Pound Sterling",
  },
  Object {
    "code": "USD",
    "name": "US Dollar",
  },
  Object {
    "code": "EUR",
    "name": "Euro",
  },
  Object {
    "code": "AUD",
    "name": "Australian Dollar",
  },
  Object {
    "code": "CAD",
    "name": "Canadian Dollar",
  },
  Object {
    "code": "NZD",
    "name": "New Zealand Dollar",
  },
  Object {
    "code": "INR",
    "name": "Indian Rupee",
  },
  Object {
    "code": "ZAR",
    "name": "Rand",
  },
  Object {
    "code": "ISK",
    "name": "Iceland Krona",
  },
  Object {
    "code": "THB",
    "name": "Thai Baht",
  },
  Object {
    "code": "IDR",
    "name": "Indonesian Rupiahs",
  },
  Object {
    "code": "CHF",
    "name": "Swiss Franc",
  },
  Object {
    "code": "COP",
    "name": "Colombian Peso",
  },
]
`;
